// Jest Snapshot v1, https://goo.gl/fbAQLP

exports[`matches snapshot 1`] = `
<Signin
  history={
    Object {
      "push": [Function],
    }
  }
  refetch={[Function]}
>
  <div
    className="App"
  >
    <h2
      className="App heading"
    >
      Signin
    </h2>
    <Mutation
      mutation={
        Object {
          "definitions": Array [
            Object {
              "directives": Array [],
              "kind": "OperationDefinition",
              "name": undefined,
              "operation": "mutation",
              "selectionSet": Object {
                "kind": "SelectionSet",
                "selections": Array [
                  Object {
                    "alias": undefined,
                    "arguments": Array [
                      Object {
                        "kind": "Argument",
                        "name": Object {
                          "kind": "Name",
                          "value": "username",
                        },
                        "value": Object {
                          "kind": "Variable",
                          "name": Object {
                            "kind": "Name",
                            "value": "username",
                          },
                        },
                      },
                      Object {
                        "kind": "Argument",
                        "name": Object {
                          "kind": "Name",
                          "value": "password",
                        },
                        "value": Object {
                          "kind": "Variable",
                          "name": Object {
                            "kind": "Name",
                            "value": "password",
                          },
                        },
                      },
                    ],
                    "directives": Array [],
                    "kind": "Field",
                    "name": Object {
                      "kind": "Name",
                      "value": "signinUser",
                    },
                    "selectionSet": Object {
                      "kind": "SelectionSet",
                      "selections": Array [
                        Object {
                          "alias": undefined,
                          "arguments": Array [],
                          "directives": Array [],
                          "kind": "Field",
                          "name": Object {
                            "kind": "Name",
                            "value": "token",
                          },
                          "selectionSet": undefined,
                        },
                      ],
                    },
                  },
                ],
              },
              "variableDefinitions": Array [
                Object {
                  "defaultValue": undefined,
                  "kind": "VariableDefinition",
                  "type": Object {
                    "kind": "NonNullType",
                    "type": Object {
                      "kind": "NamedType",
                      "name": Object {
                        "kind": "Name",
                        "value": "String",
                      },
                    },
                  },
                  "variable": Object {
                    "kind": "Variable",
                    "name": Object {
                      "kind": "Name",
                      "value": "username",
                    },
                  },
                },
                Object {
                  "defaultValue": undefined,
                  "kind": "VariableDefinition",
                  "type": Object {
                    "kind": "NonNullType",
                    "type": Object {
                      "kind": "NamedType",
                      "name": Object {
                        "kind": "Name",
                        "value": "String",
                      },
                    },
                  },
                  "variable": Object {
                    "kind": "Variable",
                    "name": Object {
                      "kind": "Name",
                      "value": "password",
                    },
                  },
                },
              ],
            },
          ],
          "kind": "Document",
          "loc": Object {
            "end": 135,
            "start": 0,
          },
        }
      }
      variables={
        Object {
          "password": "",
          "username": "",
        }
      }
    >
      <form
        className="form"
        onSubmit={[Function]}
      >
        <input
          name="username"
          onChange={[Function]}
          placeholder="Username"
          type="text"
          value=""
        />
        <input
          name="password"
          onChange={[Function]}
          placeholder="Password"
          type="password"
          value=""
        />
        <button
          className="button-primary"
          disabled={true}
          type="submit"
        >
          Submit
        </button>
      </form>
    </Mutation>
  </div>
</Signin>
`;
