// Jest Snapshot v1, https://goo.gl/fbAQLP

exports[`matches snapshot 1`] = `
<li>
  <Link
    replace={false}
    to="/recipes/id"
  >
    <h4>
      name
    </h4>
  </Link>
  <p>
    Likes: 
    0
  </p>
</li>
`;
