// Jest Snapshot v1, https://goo.gl/fbAQLP

exports[`matches snapshot 1`] = `
<div
  className="App"
>
  <onlyUpdateForKeys(Loader)
    color="#1eaedb"
    css=""
    loading={true}
    margin="3px"
    size={30}
    sizeUnit="px"
  />
</div>
`;
